
> ui-components-qs-nextjs@0.1.0 build
> next build

  Ôû▓ Next.js 14.2.4
  - Environments: .env.local

   Creating an optimized production build ...
node.exe :  ÔÜá Compiled with warnings
At line:1 char:1
+ & "C:\Program Files\nodejs/node.exe" "C:\Program Files\nodejs/node_mo ...
+ ~~~~~~~~~~~~~~~~~~~~~~~~~~~~~~~~~~~~~~~~~~~~~~~~~~~~~~~~~~~~~~~~~~~~~
    + CategoryInfo          : NotSpecified: ( ÔÜá Compiled with warnings:Stri 
   ng) [], RemoteException
    + FullyQualifiedErrorId : NativeCommandError
 

./node_modules/pino/lib/tools.js
Module not found: Can't resolve 'pino-pretty' in 
'C:\Users\asida\smart-wallets-quickstart\node_modules\pino\lib'

Import trace for requested module:
./node_modules/pino/lib/tools.js
./node_modules/pino/pino.js
./node_modules/@walletconnect/logger/dist/index.es.js
./node_modules/wagmi/node_modules/@walletconnect/universal-provider/dist/index
.es.js
./node_modules/wagmi/node_modules/@walletconnect/ethereum-provider/dist/index.
es.js
./node_modules/wagmi/node_modules/@wagmi/connectors/dist/esm/walletConnect.js
./node_modules/wagmi/node_modules/@wagmi/connectors/dist/esm/exports/index.js
./node_modules/wagmi/dist/esm/exports/connectors.js
./node_modules/@account-kit/react/dist/esm/components/auth/card/eoa.js

./node_modules/pino/lib/tools.js
Module not found: Can't resolve 'pino-pretty' in 
'C:\Users\asida\smart-wallets-quickstart\node_modules\pino\lib'

Import trace for requested module:
./node_modules/pino/lib/tools.js
./node_modules/pino/pino.js
./node_modules/@walletconnect/logger/dist/index.es.js
./node_modules/@walletconnect/solana-adapter/node_modules/@walletconnect/unive
rsal-provider/dist/index.es.js
./node_modules/@walletconnect/solana-adapter/dist/core.js
./node_modules/@walletconnect/solana-adapter/dist/adapter.js
./node_modules/@solana/wallet-adapter-walletconnect/lib/esm/index.js
./node_modules/@solana/wallet-adapter-wallets/lib/esm/index.js
./node_modules/@account-kit/react/dist/esm/configForExternalWallets.js
./node_modules/@account-kit/react/dist/esm/index.js
./config.ts
./app/layout.tsx

 Ô£ô Compiled successfully
   Linting and checking validity of types ...
